// typemap.test-mojom-converters.ts is auto generated by mojom_bindings_generator.py, do not edit

// Copyright 2024 The Chromium Authors
// Use of this source code is governed by a BSD-style license that can be
// found in the LICENSE file.
import type {
  TypemappedMojoType
} from './typemap.test-mojom-webui.js';



export class TypemappedDataView {
  private readonly mojoType: TypemappedMojoType;

  constructor(mojoType: TypemappedMojoType) {
    this.mojoType = mojoType;
  }

  field(): number {
    return this.mojoType.field;
  }
}

export interface TypemappedTypeMapper<T> {
  // Encoding:
  field(mappedTyped: T): number;

  // Decoding:
  convert(dataView: TypemappedDataView): T;
}

